main.c:92:5:main	8288	static
main.c:221:6:SystemClock_Config	232	static
main.c:272:13:MX_I2C1_Init	8	static
main.c:321:13:MX_TIM16_Init	8	static
main.c:353:13:MX_USART2_UART_Init	8	static
main.c:388:13:MX_GPIO_Init	16	static
main.c:398:9:readUserInput	16	static
main.c:406:5:lis2dh12_read_data_polling	24	static
main.c:452:16:platform_write	40	static
main.c:477:16:platform_read	40	static
main.c:502:13:tx_com	16	static
main.c:513:13:platform_delay	16	static
main.c:522:13:platform_init	4	static
main.c:538:6:Error_Handler	4	static
